../Core/Inc/TMC5160.h:87:24:tmc5160_fieldUpdate	1
../Core/Inc/TMC5160.h:92:20:tmc5160_fieldWrite	1
../Core/Src/main.c:77:5:_write	1
../Core/Src/main.c:88:5:main	1
../Core/Src/main.c:173:6:SystemClock_Config	3
../Core/Src/main.c:220:13:MX_ADC1_Init	3
../Core/Src/main.c:272:13:MX_SPI1_Init	2
../Core/Src/main.c:310:13:MX_USART1_UART_Init	2
../Core/Src/main.c:343:13:MX_GPIO_Init	1
../Core/Src/main.c:423:6:StartDefaultTask	3
../Core/Src/main.c:498:6:HAL_TIM_PeriodElapsedCallback	2
../Core/Src/main.c:516:6:Error_Handler	1
