../Core/Inc/TMC5160.h:87:24:tmc5160_fieldUpdate	1
../Core/Inc/TMC5160.h:92:20:tmc5160_fieldWrite	1
../Core/Src/main.c:77:5:_write	1
../Core/Src/main.c:88:5:main	1
../Core/Src/main.c:172:6:SystemClock_Config	3
../Core/Src/main.c:219:13:MX_ADC1_Init	3
../Core/Src/main.c:271:13:MX_SPI1_Init	2
../Core/Src/main.c:309:13:MX_USART1_UART_Init	2
../Core/Src/main.c:342:13:MX_GPIO_Init	1
../Core/Src/main.c:411:6:StartDefaultTask	3
../Core/Src/main.c:476:6:HAL_TIM_PeriodElapsedCallback	2
../Core/Src/main.c:494:6:Error_Handler	1
