../Core/Inc/TMC5160.h:87:24:tmc5160_fieldUpdate	24	static
../Core/Inc/TMC5160.h:92:20:tmc5160_fieldWrite	40	static
../Core/Src/main.c:77:5:_write	24	static
../Core/Src/main.c:88:5:main	8	static
../Core/Src/main.c:172:6:SystemClock_Config	88	static
../Core/Src/main.c:219:13:MX_ADC1_Init	24	static
../Core/Src/main.c:271:13:MX_SPI1_Init	8	static
../Core/Src/main.c:309:13:MX_USART1_UART_Init	8	static
../Core/Src/main.c:342:13:MX_GPIO_Init	48	static
../Core/Src/main.c:411:6:StartDefaultTask	48	static
../Core/Src/main.c:476:6:HAL_TIM_PeriodElapsedCallback	16	static
../Core/Src/main.c:494:6:Error_Handler	4	static,ignoring_inline_asm
