../Core/Src/main.c:83:5:_write	24	static
../Core/Src/main.c:94:5:main	8	static
../Core/Src/main.c:183:6:SystemClock_Config	88	static
../Core/Src/main.c:230:13:MX_ADC1_Init	24	static
../Core/Src/main.c:282:13:MX_SPI1_Init	8	static
../Core/Src/main.c:320:13:MX_USART1_UART_Init	8	static
../Core/Src/main.c:351:13:MX_DMA_Init	16	static
../Core/Src/main.c:372:13:MX_GPIO_Init	48	static
../Core/Src/main.c:453:6:StartDefaultTask	72	static
../Core/Src/main.c:565:6:HAL_TIM_PeriodElapsedCallback	16	static
../Core/Src/main.c:583:6:Error_Handler	4	static,ignoring_inline_asm
